                                      1 ;--------------------------------------------------------
                                      2 ; File Created by SDCC : free open source ISO C Compiler
                                      3 ; Version 4.5.0 #15242 (MINGW64)
                                      4 ;--------------------------------------------------------
                                      5 	.module preemptive
                                      6 	
                                      7 	.optsdcc -mmcs51 --model-small
                                      8 ;--------------------------------------------------------
                                      9 ; Public variables in this module
                                     10 ;--------------------------------------------------------
                                     11 	.globl _scheduler
                                     12 	.globl _main
                                     13 	.globl _CY
                                     14 	.globl _AC
                                     15 	.globl _F0
                                     16 	.globl _RS1
                                     17 	.globl _RS0
                                     18 	.globl _OV
                                     19 	.globl _F1
                                     20 	.globl _P
                                     21 	.globl _PS
                                     22 	.globl _PT1
                                     23 	.globl _PX1
                                     24 	.globl _PT0
                                     25 	.globl _PX0
                                     26 	.globl _RD
                                     27 	.globl _WR
                                     28 	.globl _T1
                                     29 	.globl _T0
                                     30 	.globl _INT1
                                     31 	.globl _INT0
                                     32 	.globl _TXD
                                     33 	.globl _RXD
                                     34 	.globl _P3_7
                                     35 	.globl _P3_6
                                     36 	.globl _P3_5
                                     37 	.globl _P3_4
                                     38 	.globl _P3_3
                                     39 	.globl _P3_2
                                     40 	.globl _P3_1
                                     41 	.globl _P3_0
                                     42 	.globl _EA
                                     43 	.globl _ES
                                     44 	.globl _ET1
                                     45 	.globl _EX1
                                     46 	.globl _ET0
                                     47 	.globl _EX0
                                     48 	.globl _P2_7
                                     49 	.globl _P2_6
                                     50 	.globl _P2_5
                                     51 	.globl _P2_4
                                     52 	.globl _P2_3
                                     53 	.globl _P2_2
                                     54 	.globl _P2_1
                                     55 	.globl _P2_0
                                     56 	.globl _SM0
                                     57 	.globl _SM1
                                     58 	.globl _SM2
                                     59 	.globl _REN
                                     60 	.globl _TB8
                                     61 	.globl _RB8
                                     62 	.globl _TI
                                     63 	.globl _RI
                                     64 	.globl _P1_7
                                     65 	.globl _P1_6
                                     66 	.globl _P1_5
                                     67 	.globl _P1_4
                                     68 	.globl _P1_3
                                     69 	.globl _P1_2
                                     70 	.globl _P1_1
                                     71 	.globl _P1_0
                                     72 	.globl _TF1
                                     73 	.globl _TR1
                                     74 	.globl _TF0
                                     75 	.globl _TR0
                                     76 	.globl _IE1
                                     77 	.globl _IT1
                                     78 	.globl _IE0
                                     79 	.globl _IT0
                                     80 	.globl _P0_7
                                     81 	.globl _P0_6
                                     82 	.globl _P0_5
                                     83 	.globl _P0_4
                                     84 	.globl _P0_3
                                     85 	.globl _P0_2
                                     86 	.globl _P0_1
                                     87 	.globl _P0_0
                                     88 	.globl _B
                                     89 	.globl _ACC
                                     90 	.globl _PSW
                                     91 	.globl _IP
                                     92 	.globl _P3
                                     93 	.globl _IE
                                     94 	.globl _P2
                                     95 	.globl _SBUF
                                     96 	.globl _SCON
                                     97 	.globl _P1
                                     98 	.globl _TH1
                                     99 	.globl _TH0
                                    100 	.globl _TL1
                                    101 	.globl _TL0
                                    102 	.globl _TMOD
                                    103 	.globl _TCON
                                    104 	.globl _PCON
                                    105 	.globl _DPH
                                    106 	.globl _DPL
                                    107 	.globl _SP
                                    108 	.globl _P0
                                    109 	.globl _savedEA
                                    110 	.globl _savedFpHigh
                                    111 	.globl _savedFpLow
                                    112 	.globl _newThreadPSW
                                    113 	.globl _zeroValue
                                    114 	.globl _previousSP
                                    115 	.globl _candidateMask
                                    116 	.globl _candidateThread
                                    117 	.globl _threadMask
                                    118 	.globl _currentThread
                                    119 	.globl _savedSP3
                                    120 	.globl _savedSP2
                                    121 	.globl _savedSP1
                                    122 	.globl _savedSP0
                                    123 	.globl _Bootstrap
                                    124 	.globl _ThreadCreate
                                    125 	.globl _ThreadYield
                                    126 	.globl _ThreadExit
                                    127 	.globl _myTimer0Handler
                                    128 ;--------------------------------------------------------
                                    129 ; special function registers
                                    130 ;--------------------------------------------------------
                                    131 	.area RSEG    (ABS,DATA)
      000000                        132 	.org 0x0000
                           000080   133 _P0	=	0x0080
                           000081   134 _SP	=	0x0081
                           000082   135 _DPL	=	0x0082
                           000083   136 _DPH	=	0x0083
                           000087   137 _PCON	=	0x0087
                           000088   138 _TCON	=	0x0088
                           000089   139 _TMOD	=	0x0089
                           00008A   140 _TL0	=	0x008a
                           00008B   141 _TL1	=	0x008b
                           00008C   142 _TH0	=	0x008c
                           00008D   143 _TH1	=	0x008d
                           000090   144 _P1	=	0x0090
                           000098   145 _SCON	=	0x0098
                           000099   146 _SBUF	=	0x0099
                           0000A0   147 _P2	=	0x00a0
                           0000A8   148 _IE	=	0x00a8
                           0000B0   149 _P3	=	0x00b0
                           0000B8   150 _IP	=	0x00b8
                           0000D0   151 _PSW	=	0x00d0
                           0000E0   152 _ACC	=	0x00e0
                           0000F0   153 _B	=	0x00f0
                                    154 ;--------------------------------------------------------
                                    155 ; special function bits
                                    156 ;--------------------------------------------------------
                                    157 	.area RSEG    (ABS,DATA)
      000000                        158 	.org 0x0000
                           000080   159 _P0_0	=	0x0080
                           000081   160 _P0_1	=	0x0081
                           000082   161 _P0_2	=	0x0082
                           000083   162 _P0_3	=	0x0083
                           000084   163 _P0_4	=	0x0084
                           000085   164 _P0_5	=	0x0085
                           000086   165 _P0_6	=	0x0086
                           000087   166 _P0_7	=	0x0087
                           000088   167 _IT0	=	0x0088
                           000089   168 _IE0	=	0x0089
                           00008A   169 _IT1	=	0x008a
                           00008B   170 _IE1	=	0x008b
                           00008C   171 _TR0	=	0x008c
                           00008D   172 _TF0	=	0x008d
                           00008E   173 _TR1	=	0x008e
                           00008F   174 _TF1	=	0x008f
                           000090   175 _P1_0	=	0x0090
                           000091   176 _P1_1	=	0x0091
                           000092   177 _P1_2	=	0x0092
                           000093   178 _P1_3	=	0x0093
                           000094   179 _P1_4	=	0x0094
                           000095   180 _P1_5	=	0x0095
                           000096   181 _P1_6	=	0x0096
                           000097   182 _P1_7	=	0x0097
                           000098   183 _RI	=	0x0098
                           000099   184 _TI	=	0x0099
                           00009A   185 _RB8	=	0x009a
                           00009B   186 _TB8	=	0x009b
                           00009C   187 _REN	=	0x009c
                           00009D   188 _SM2	=	0x009d
                           00009E   189 _SM1	=	0x009e
                           00009F   190 _SM0	=	0x009f
                           0000A0   191 _P2_0	=	0x00a0
                           0000A1   192 _P2_1	=	0x00a1
                           0000A2   193 _P2_2	=	0x00a2
                           0000A3   194 _P2_3	=	0x00a3
                           0000A4   195 _P2_4	=	0x00a4
                           0000A5   196 _P2_5	=	0x00a5
                           0000A6   197 _P2_6	=	0x00a6
                           0000A7   198 _P2_7	=	0x00a7
                           0000A8   199 _EX0	=	0x00a8
                           0000A9   200 _ET0	=	0x00a9
                           0000AA   201 _EX1	=	0x00aa
                           0000AB   202 _ET1	=	0x00ab
                           0000AC   203 _ES	=	0x00ac
                           0000AF   204 _EA	=	0x00af
                           0000B0   205 _P3_0	=	0x00b0
                           0000B1   206 _P3_1	=	0x00b1
                           0000B2   207 _P3_2	=	0x00b2
                           0000B3   208 _P3_3	=	0x00b3
                           0000B4   209 _P3_4	=	0x00b4
                           0000B5   210 _P3_5	=	0x00b5
                           0000B6   211 _P3_6	=	0x00b6
                           0000B7   212 _P3_7	=	0x00b7
                           0000B0   213 _RXD	=	0x00b0
                           0000B1   214 _TXD	=	0x00b1
                           0000B2   215 _INT0	=	0x00b2
                           0000B3   216 _INT1	=	0x00b3
                           0000B4   217 _T0	=	0x00b4
                           0000B5   218 _T1	=	0x00b5
                           0000B6   219 _WR	=	0x00b6
                           0000B7   220 _RD	=	0x00b7
                           0000B8   221 _PX0	=	0x00b8
                           0000B9   222 _PT0	=	0x00b9
                           0000BA   223 _PX1	=	0x00ba
                           0000BB   224 _PT1	=	0x00bb
                           0000BC   225 _PS	=	0x00bc
                           0000D0   226 _P	=	0x00d0
                           0000D1   227 _F1	=	0x00d1
                           0000D2   228 _OV	=	0x00d2
                           0000D3   229 _RS0	=	0x00d3
                           0000D4   230 _RS1	=	0x00d4
                           0000D5   231 _F0	=	0x00d5
                           0000D6   232 _AC	=	0x00d6
                           0000D7   233 _CY	=	0x00d7
                                    234 ;--------------------------------------------------------
                                    235 ; overlayable register banks
                                    236 ;--------------------------------------------------------
                                    237 	.area REG_BANK_0	(REL,OVR,DATA)
      000000                        238 	.ds 8
                                    239 ;--------------------------------------------------------
                                    240 ; internal ram data
                                    241 ;--------------------------------------------------------
                                    242 	.area DSEG    (DATA)
                           000020   243 _savedSP0	=	0x0020
                           000021   244 _savedSP1	=	0x0021
                           000022   245 _savedSP2	=	0x0022
                           000023   246 _savedSP3	=	0x0023
                           000024   247 _currentThread	=	0x0024
                           000025   248 _threadMask	=	0x0025
                           000026   249 _candidateThread	=	0x0026
                           000027   250 _candidateMask	=	0x0027
                           000028   251 _previousSP	=	0x0028
                           000029   252 _zeroValue	=	0x0029
                           00002A   253 _newThreadPSW	=	0x002a
                           00002B   254 _savedFpLow	=	0x002b
                           00002C   255 _savedFpHigh	=	0x002c
                           00002D   256 _savedEA	=	0x002d
                                    257 ;--------------------------------------------------------
                                    258 ; overlayable items in internal ram
                                    259 ;--------------------------------------------------------
                                    260 	.area	OSEG    (OVR,DATA)
                                    261 ;--------------------------------------------------------
                                    262 ; indirectly addressable internal ram data
                                    263 ;--------------------------------------------------------
                                    264 	.area ISEG    (DATA)
                                    265 ;--------------------------------------------------------
                                    266 ; absolute internal ram data
                                    267 ;--------------------------------------------------------
                                    268 	.area IABS    (ABS,DATA)
                                    269 	.area IABS    (ABS,DATA)
                                    270 ;--------------------------------------------------------
                                    271 ; bit data
                                    272 ;--------------------------------------------------------
                                    273 	.area BSEG    (BIT)
                                    274 ;--------------------------------------------------------
                                    275 ; paged external ram data
                                    276 ;--------------------------------------------------------
                                    277 	.area PSEG    (PAG,XDATA)
                                    278 ;--------------------------------------------------------
                                    279 ; uninitialized external ram data
                                    280 ;--------------------------------------------------------
                                    281 	.area XSEG    (XDATA)
                                    282 ;--------------------------------------------------------
                                    283 ; absolute external ram data
                                    284 ;--------------------------------------------------------
                                    285 	.area XABS    (ABS,XDATA)
                                    286 ;--------------------------------------------------------
                                    287 ; initialized external ram data
                                    288 ;--------------------------------------------------------
                                    289 	.area XISEG   (XDATA)
                                    290 	.area HOME    (CODE)
                                    291 	.area GSINIT0 (CODE)
                                    292 	.area GSINIT1 (CODE)
                                    293 	.area GSINIT2 (CODE)
                                    294 	.area GSINIT3 (CODE)
                                    295 	.area GSINIT4 (CODE)
                                    296 	.area GSINIT5 (CODE)
                                    297 	.area GSINIT  (CODE)
                                    298 	.area GSFINAL (CODE)
                                    299 	.area CSEG    (CODE)
                                    300 ;--------------------------------------------------------
                                    301 ; global & static initialisations
                                    302 ;--------------------------------------------------------
                                    303 	.area HOME    (CODE)
                                    304 	.area GSINIT  (CODE)
                                    305 	.area GSFINAL (CODE)
                                    306 	.area GSINIT  (CODE)
                                    307 ;--------------------------------------------------------
                                    308 ; Home
                                    309 ;--------------------------------------------------------
                                    310 	.area HOME    (CODE)
                                    311 	.area HOME    (CODE)
                                    312 ;--------------------------------------------------------
                                    313 ; code
                                    314 ;--------------------------------------------------------
                                    315 	.area CSEG    (CODE)
                                    316 ;------------------------------------------------------------
                                    317 ;Allocation info for local variables in function 'scheduler'
                                    318 ;------------------------------------------------------------
                                    319 ;	preemptive.c:78: void scheduler(void) __naked
                                    320 ;	-----------------------------------------
                                    321 ;	 function scheduler
                                    322 ;	-----------------------------------------
      000000                        323 _scheduler:
                                    324 ;	naked function: no prologue.
                                    325 ;	preemptive.c:117: __endasm;
      000000                        326 SCHED_LOOP:
      000000 05 24            [12]  327 	inc	_currentThread
      000002 E5 24            [12]  328 	mov	a, _currentThread
      000004 B4 04 03         [24]  329 	cjne	a, #0x04, SCHED_CHECK
      000007 75 24 00         [24]  330 	mov	_currentThread, #0x00
      00000A                        331 SCHED_CHECK:
      00000A E5 24            [12]  332 	mov	a, _currentThread
      00000C 60 0D            [24]  333 	jz	SCHED_THREAD0
      00000E 14               [12]  334 	dec	a
      00000F 60 11            [24]  335 	jz	SCHED_THREAD1
      000011 14               [12]  336 	dec	a
      000012 60 15            [24]  337 	jz	SCHED_THREAD2
      000014 E5 25            [12]  338 	mov	a, _threadMask
      000016 54 08            [12]  339 	anl	a, #0x08
      000018 60 E6            [24]  340 	jz	SCHED_LOOP
      00001A 22               [24]  341 	ret
      00001B                        342 SCHED_THREAD0:
      00001B E5 25            [12]  343 	mov	a, _threadMask
      00001D 54 01            [12]  344 	anl	a, #0x01
      00001F 60 DF            [24]  345 	jz	SCHED_LOOP
      000021 22               [24]  346 	ret
      000022                        347 SCHED_THREAD1:
      000022 E5 25            [12]  348 	mov	a, _threadMask
      000024 54 02            [12]  349 	anl	a, #0x02
      000026 60 D8            [24]  350 	jz	SCHED_LOOP
      000028 22               [24]  351 	ret
      000029                        352 SCHED_THREAD2:
      000029 E5 25            [12]  353 	mov	a, _threadMask
      00002B 54 04            [12]  354 	anl	a, #0x04
      00002D 60 D1            [24]  355 	jz	SCHED_LOOP
      00002F 22               [24]  356 	ret
                                    357 ;	preemptive.c:118: }
                                    358 ;	naked function: no epilogue.
                                    359 ;------------------------------------------------------------
                                    360 ;Allocation info for local variables in function 'Bootstrap'
                                    361 ;------------------------------------------------------------
                                    362 ;	preemptive.c:120: void Bootstrap(void)
                                    363 ;	-----------------------------------------
                                    364 ;	 function Bootstrap
                                    365 ;	-----------------------------------------
      000030                        366 _Bootstrap:
                           000007   367 	ar7 = 0x07
                           000006   368 	ar6 = 0x06
                           000005   369 	ar5 = 0x05
                           000004   370 	ar4 = 0x04
                           000003   371 	ar3 = 0x03
                           000002   372 	ar2 = 0x02
                           000001   373 	ar1 = 0x01
                           000000   374 	ar0 = 0x00
                                    375 ;	preemptive.c:122: EA = 0;
                                    376 ;	assignBit
      000030 C2 AF            [12]  377 	clr	_EA
                                    378 ;	preemptive.c:123: threadMask = 0x00;
      000032 75 25 00         [24]  379 	mov	_threadMask,#0x00
                                    380 ;	preemptive.c:124: currentThread = 0;
      000035 75 24 00         [24]  381 	mov	_currentThread,#0x00
                                    382 ;	preemptive.c:125: TMOD = 0x00;
      000038 75 89 00         [24]  383 	mov	_TMOD,#0x00
                                    384 ;	preemptive.c:126: IE = 0x02;
      00003B 75 A8 02         [24]  385 	mov	_IE,#0x02
                                    386 ;	preemptive.c:127: TR0 = 1;
                                    387 ;	assignBit
      00003E D2 8C            [12]  388 	setb	_TR0
                                    389 ;	preemptive.c:128: currentThread = ThreadCreate(main);
      000040 90r00r00         [24]  390 	mov	dptr,#_main
      000043 12r00r72         [24]  391 	lcall	_ThreadCreate
      000046 85 82 24         [24]  392 	mov	_currentThread,dpl
                                    393 ;	preemptive.c:129: RESTORESTATE;
      000049 E5 24            [12]  394 	mov a, _currentThread 
      00004B 60 0B            [24]  395 	jz RS_LOAD_0_129 
      00004D 14               [12]  396 	dec a 
      00004E 60 0D            [24]  397 	jz RS_LOAD_1_129 
      000050 14               [12]  398 	dec a 
      000051 60 0F            [24]  399 	jz RS_LOAD_2_129 
      000053 85 23 81         [24]  400 	mov sp, _savedSP3 
      000056 80 0D            [24]  401 	sjmp RS_LOAD_DONE_129 
      000058                        402 RS_LOAD_0_129:
      000058 85 20 81         [24]  403 	mov sp, _savedSP0 
      00005B 80 08            [24]  404 	sjmp RS_LOAD_DONE_129 
      00005D                        405 RS_LOAD_1_129:
      00005D 85 21 81         [24]  406 	mov sp, _savedSP1 
      000060 80 03            [24]  407 	sjmp RS_LOAD_DONE_129 
      000062                        408 RS_LOAD_2_129:
      000062 85 22 81         [24]  409 	mov sp, _savedSP2 
      000065                        410 RS_LOAD_DONE_129:
      000065 D0 D0            [24]  411 	pop psw 
      000067 D0 83            [24]  412 	pop dph 
      000069 D0 82            [24]  413 	pop dpl 
      00006B D0 F0            [24]  414 	pop b 
      00006D D0 E0            [24]  415 	pop acc 
                                    416 ;	preemptive.c:130: EA = 1;
                                    417 ;	assignBit
      00006F D2 AF            [12]  418 	setb	_EA
                                    419 ;	preemptive.c:131: }
      000071 22               [24]  420 	ret
                                    421 ;------------------------------------------------------------
                                    422 ;Allocation info for local variables in function 'ThreadCreate'
                                    423 ;------------------------------------------------------------
                                    424 ;fp            Allocated to registers 
                                    425 ;------------------------------------------------------------
                                    426 ;	preemptive.c:133: ThreadID ThreadCreate(FunctionPtr fp)
                                    427 ;	-----------------------------------------
                                    428 ;	 function ThreadCreate
                                    429 ;	-----------------------------------------
      000072                        430 _ThreadCreate:
                                    431 ;	preemptive.c:140: __endasm;
      000072 85 82 2B         [24]  432 	mov	_savedFpLow, dpl
      000075 85 83 2C         [24]  433 	mov	_savedFpHigh, dph
                                    434 ;	preemptive.c:142: if (EA)
      000078 30 AF 05         [24]  435 	jnb	_EA,00102$
                                    436 ;	preemptive.c:144: savedEA = 1;
      00007B 75 2D 01         [24]  437 	mov	_savedEA,#0x01
      00007E 80 03            [24]  438 	sjmp	00103$
      000080                        439 00102$:
                                    440 ;	preemptive.c:148: savedEA = 0;
      000080 75 2D 00         [24]  441 	mov	_savedEA,#0x00
      000083                        442 00103$:
                                    443 ;	preemptive.c:151: EA = 0;
                                    444 ;	assignBit
      000083 C2 AF            [12]  445 	clr	_EA
                                    446 ;	preemptive.c:153: if ((threadMask & 0x01) == 0)
      000085 E5 25            [12]  447 	mov	a,_threadMask
      000087 FF               [12]  448 	mov	r7,a
      000088 20 E0 11         [24]  449 	jb	acc.0,00116$
                                    450 ;	preemptive.c:155: candidateThread = 0;
      00008B 75 26 00         [24]  451 	mov	_candidateThread,#0x00
                                    452 ;	preemptive.c:156: candidateMask = 0x01;
      00008E 75 27 01         [24]  453 	mov	_candidateMask,#0x01
                                    454 ;	preemptive.c:157: newThreadPSW = 0x00;
      000091 75 2A 00         [24]  455 	mov	_newThreadPSW,#0x00
                                    456 ;	preemptive.c:158: previousSP = SP;
      000094 85 81 28         [24]  457 	mov	_previousSP,_SP
                                    458 ;	preemptive.c:159: SP = 0x3F;
      000097 75 81 3F         [24]  459 	mov	_SP,#0x3f
      00009A 80 4F            [24]  460 	sjmp	00117$
      00009C                        461 00116$:
                                    462 ;	preemptive.c:161: else if ((threadMask & 0x02) == 0)
      00009C E5 25            [12]  463 	mov	a,_threadMask
      00009E FF               [12]  464 	mov	r7,a
      00009F 20 E1 11         [24]  465 	jb	acc.1,00113$
                                    466 ;	preemptive.c:163: candidateThread = 1;
      0000A2 75 26 01         [24]  467 	mov	_candidateThread,#0x01
                                    468 ;	preemptive.c:164: candidateMask = 0x02;
      0000A5 75 27 02         [24]  469 	mov	_candidateMask,#0x02
                                    470 ;	preemptive.c:165: newThreadPSW = 0x08;
      0000A8 75 2A 08         [24]  471 	mov	_newThreadPSW,#0x08
                                    472 ;	preemptive.c:166: previousSP = SP;
      0000AB 85 81 28         [24]  473 	mov	_previousSP,_SP
                                    474 ;	preemptive.c:167: SP = 0x4F;
      0000AE 75 81 4F         [24]  475 	mov	_SP,#0x4f
      0000B1 80 38            [24]  476 	sjmp	00117$
      0000B3                        477 00113$:
                                    478 ;	preemptive.c:169: else if ((threadMask & 0x04) == 0)
      0000B3 E5 25            [12]  479 	mov	a,_threadMask
      0000B5 FF               [12]  480 	mov	r7,a
      0000B6 20 E2 11         [24]  481 	jb	acc.2,00110$
                                    482 ;	preemptive.c:171: candidateThread = 2;
      0000B9 75 26 02         [24]  483 	mov	_candidateThread,#0x02
                                    484 ;	preemptive.c:172: candidateMask = 0x04;
      0000BC 75 27 04         [24]  485 	mov	_candidateMask,#0x04
                                    486 ;	preemptive.c:173: newThreadPSW = 0x10;
      0000BF 75 2A 10         [24]  487 	mov	_newThreadPSW,#0x10
                                    488 ;	preemptive.c:174: previousSP = SP;
      0000C2 85 81 28         [24]  489 	mov	_previousSP,_SP
                                    490 ;	preemptive.c:175: SP = 0x5F;
      0000C5 75 81 5F         [24]  491 	mov	_SP,#0x5f
      0000C8 80 21            [24]  492 	sjmp	00117$
      0000CA                        493 00110$:
                                    494 ;	preemptive.c:177: else if ((threadMask & 0x08) == 0)
      0000CA E5 25            [12]  495 	mov	a,_threadMask
      0000CC FF               [12]  496 	mov	r7,a
      0000CD 20 E3 11         [24]  497 	jb	acc.3,00107$
                                    498 ;	preemptive.c:179: candidateThread = 3;
      0000D0 75 26 03         [24]  499 	mov	_candidateThread,#0x03
                                    500 ;	preemptive.c:180: candidateMask = 0x08;
      0000D3 75 27 08         [24]  501 	mov	_candidateMask,#0x08
                                    502 ;	preemptive.c:181: newThreadPSW = 0x18;
      0000D6 75 2A 18         [24]  503 	mov	_newThreadPSW,#0x18
                                    504 ;	preemptive.c:182: previousSP = SP;
      0000D9 85 81 28         [24]  505 	mov	_previousSP,_SP
                                    506 ;	preemptive.c:183: SP = 0x6F;
      0000DC 75 81 6F         [24]  507 	mov	_SP,#0x6f
      0000DF 80 0A            [24]  508 	sjmp	00117$
      0000E1                        509 00107$:
                                    510 ;	preemptive.c:187: if (savedEA)
      0000E1 E5 2D            [12]  511 	mov	a,_savedEA
      0000E3 60 02            [24]  512 	jz	00105$
                                    513 ;	preemptive.c:189: EA = 1;
                                    514 ;	assignBit
      0000E5 D2 AF            [12]  515 	setb	_EA
      0000E7                        516 00105$:
                                    517 ;	preemptive.c:191: return (ThreadID)-1;
      0000E7 75 82 FF         [24]  518 	mov	dpl, #0xff
      0000EA 22               [24]  519 	ret
      0000EB                        520 00117$:
                                    521 ;	preemptive.c:194: threadMask |= candidateMask;
      0000EB E5 27            [12]  522 	mov	a,_candidateMask
      0000ED 42 25            [12]  523 	orl	_threadMask,a
                                    524 ;	preemptive.c:195: zeroValue = 0x00;
      0000EF 75 29 00         [24]  525 	mov	_zeroValue,#0x00
                                    526 ;	preemptive.c:205: __endasm;
      0000F2 C0 2B            [24]  527 	push	_savedFpLow
      0000F4 C0 2C            [24]  528 	push	_savedFpHigh
      0000F6 C0 29            [24]  529 	push	_zeroValue
      0000F8 C0 29            [24]  530 	push	_zeroValue
      0000FA C0 29            [24]  531 	push	_zeroValue
      0000FC C0 29            [24]  532 	push	_zeroValue
      0000FE C0 2A            [24]  533 	push	_newThreadPSW
                                    534 ;	preemptive.c:207: if (candidateThread == 0)
      000100 E5 26            [12]  535 	mov	a,_candidateThread
      000102 70 05            [24]  536 	jnz	00125$
                                    537 ;	preemptive.c:209: savedSP0 = SP;
      000104 85 81 20         [24]  538 	mov	_savedSP0,_SP
      000107 80 17            [24]  539 	sjmp	00126$
      000109                        540 00125$:
                                    541 ;	preemptive.c:211: else if (candidateThread == 1)
      000109 74 01            [12]  542 	mov	a,#0x01
      00010B B5 26 05         [24]  543 	cjne	a,_candidateThread,00122$
                                    544 ;	preemptive.c:213: savedSP1 = SP;
      00010E 85 81 21         [24]  545 	mov	_savedSP1,_SP
      000111 80 0D            [24]  546 	sjmp	00126$
      000113                        547 00122$:
                                    548 ;	preemptive.c:215: else if (candidateThread == 2)
      000113 74 02            [12]  549 	mov	a,#0x02
      000115 B5 26 05         [24]  550 	cjne	a,_candidateThread,00119$
                                    551 ;	preemptive.c:217: savedSP2 = SP;
      000118 85 81 22         [24]  552 	mov	_savedSP2,_SP
      00011B 80 03            [24]  553 	sjmp	00126$
      00011D                        554 00119$:
                                    555 ;	preemptive.c:221: savedSP3 = SP;
      00011D 85 81 23         [24]  556 	mov	_savedSP3,_SP
      000120                        557 00126$:
                                    558 ;	preemptive.c:224: SP = previousSP;
      000120 85 28 81         [24]  559 	mov	_SP,_previousSP
                                    560 ;	preemptive.c:226: if (savedEA)
      000123 E5 2D            [12]  561 	mov	a,_savedEA
      000125 60 02            [24]  562 	jz	00128$
                                    563 ;	preemptive.c:228: EA = 1;
                                    564 ;	assignBit
      000127 D2 AF            [12]  565 	setb	_EA
      000129                        566 00128$:
                                    567 ;	preemptive.c:231: return candidateThread;
      000129 85 26 82         [24]  568 	mov	dpl, _candidateThread
                                    569 ;	preemptive.c:232: }
      00012C 22               [24]  570 	ret
                                    571 ;------------------------------------------------------------
                                    572 ;Allocation info for local variables in function 'ThreadYield'
                                    573 ;------------------------------------------------------------
                                    574 ;	preemptive.c:234: void ThreadYield(void)
                                    575 ;	-----------------------------------------
                                    576 ;	 function ThreadYield
                                    577 ;	-----------------------------------------
      00012D                        578 _ThreadYield:
                                    579 ;	preemptive.c:236: EA = 0;
                                    580 ;	assignBit
      00012D C2 AF            [12]  581 	clr	_EA
                                    582 ;	preemptive.c:237: SAVESTATE;
      00012F C0 E0            [24]  583 	push acc 
      000131 C0 F0            [24]  584 	push b 
      000133 C0 82            [24]  585 	push dpl 
      000135 C0 83            [24]  586 	push dph 
      000137 C0 D0            [24]  587 	push psw 
      000139 E5 24            [12]  588 	mov a, _currentThread 
      00013B 60 0B            [24]  589 	jz SS_SAVE_0_237 
      00013D 14               [12]  590 	dec a 
      00013E 60 0D            [24]  591 	jz SS_SAVE_1_237 
      000140 14               [12]  592 	dec a 
      000141 60 0F            [24]  593 	jz SS_SAVE_2_237 
      000143 85 81 23         [24]  594 	mov _savedSP3, sp 
      000146 80 0D            [24]  595 	sjmp SS_SAVE_DONE_237 
      000148                        596 SS_SAVE_0_237:
      000148 85 81 20         [24]  597 	mov _savedSP0, sp 
      00014B 80 08            [24]  598 	sjmp SS_SAVE_DONE_237 
      00014D                        599 SS_SAVE_1_237:
      00014D 85 81 21         [24]  600 	mov _savedSP1, sp 
      000150 80 03            [24]  601 	sjmp SS_SAVE_DONE_237 
      000152                        602 SS_SAVE_2_237:
      000152 85 81 22         [24]  603 	mov _savedSP2, sp 
      000155                        604 SS_SAVE_DONE_237:
                                    605 ;	preemptive.c:240: __endasm;
      000155 12r00r00         [24]  606 	lcall	_scheduler
                                    607 ;	preemptive.c:241: RESTORESTATE;
      000158 E5 24            [12]  608 	mov a, _currentThread 
      00015A 60 0B            [24]  609 	jz RS_LOAD_0_241 
      00015C 14               [12]  610 	dec a 
      00015D 60 0D            [24]  611 	jz RS_LOAD_1_241 
      00015F 14               [12]  612 	dec a 
      000160 60 0F            [24]  613 	jz RS_LOAD_2_241 
      000162 85 23 81         [24]  614 	mov sp, _savedSP3 
      000165 80 0D            [24]  615 	sjmp RS_LOAD_DONE_241 
      000167                        616 RS_LOAD_0_241:
      000167 85 20 81         [24]  617 	mov sp, _savedSP0 
      00016A 80 08            [24]  618 	sjmp RS_LOAD_DONE_241 
      00016C                        619 RS_LOAD_1_241:
      00016C 85 21 81         [24]  620 	mov sp, _savedSP1 
      00016F 80 03            [24]  621 	sjmp RS_LOAD_DONE_241 
      000171                        622 RS_LOAD_2_241:
      000171 85 22 81         [24]  623 	mov sp, _savedSP2 
      000174                        624 RS_LOAD_DONE_241:
      000174 D0 D0            [24]  625 	pop psw 
      000176 D0 83            [24]  626 	pop dph 
      000178 D0 82            [24]  627 	pop dpl 
      00017A D0 F0            [24]  628 	pop b 
      00017C D0 E0            [24]  629 	pop acc 
                                    630 ;	preemptive.c:242: EA = 1;
                                    631 ;	assignBit
      00017E D2 AF            [12]  632 	setb	_EA
                                    633 ;	preemptive.c:243: }
      000180 22               [24]  634 	ret
                                    635 ;------------------------------------------------------------
                                    636 ;Allocation info for local variables in function 'ThreadExit'
                                    637 ;------------------------------------------------------------
                                    638 ;	preemptive.c:245: void ThreadExit(void)
                                    639 ;	-----------------------------------------
                                    640 ;	 function ThreadExit
                                    641 ;	-----------------------------------------
      000181                        642 _ThreadExit:
                                    643 ;	preemptive.c:247: EA = 0;
                                    644 ;	assignBit
      000181 C2 AF            [12]  645 	clr	_EA
                                    646 ;	preemptive.c:249: if (currentThread == 0)
      000183 E5 24            [12]  647 	mov	a,_currentThread
      000185 70 05            [24]  648 	jnz	00108$
                                    649 ;	preemptive.c:251: threadMask &= 0xFE;
      000187 53 25 FE         [24]  650 	anl	_threadMask,#0xfe
      00018A 80 17            [24]  651 	sjmp	00109$
      00018C                        652 00108$:
                                    653 ;	preemptive.c:253: else if (currentThread == 1)
      00018C 74 01            [12]  654 	mov	a,#0x01
      00018E B5 24 05         [24]  655 	cjne	a,_currentThread,00105$
                                    656 ;	preemptive.c:255: threadMask &= 0xFD;
      000191 53 25 FD         [24]  657 	anl	_threadMask,#0xfd
      000194 80 0D            [24]  658 	sjmp	00109$
      000196                        659 00105$:
                                    660 ;	preemptive.c:257: else if (currentThread == 2)
      000196 74 02            [12]  661 	mov	a,#0x02
      000198 B5 24 05         [24]  662 	cjne	a,_currentThread,00102$
                                    663 ;	preemptive.c:259: threadMask &= 0xFB;
      00019B 53 25 FB         [24]  664 	anl	_threadMask,#0xfb
      00019E 80 03            [24]  665 	sjmp	00109$
      0001A0                        666 00102$:
                                    667 ;	preemptive.c:263: threadMask &= 0xF7;
      0001A0 53 25 F7         [24]  668 	anl	_threadMask,#0xf7
      0001A3                        669 00109$:
                                    670 ;	preemptive.c:266: if (threadMask == 0)
      0001A3 E5 25            [12]  671 	mov	a,_threadMask
      0001A5 70 02            [24]  672 	jnz	00114$
                                    673 ;	preemptive.c:268: while (1)
      0001A7                        674 00111$:
      0001A7 80 FE            [24]  675 	sjmp	00111$
      0001A9                        676 00114$:
                                    677 ;	preemptive.c:275: __endasm;
      0001A9 12r00r00         [24]  678 	lcall	_scheduler
                                    679 ;	preemptive.c:276: RESTORESTATE;
      0001AC E5 24            [12]  680 	mov a, _currentThread 
      0001AE 60 0B            [24]  681 	jz RS_LOAD_0_276 
      0001B0 14               [12]  682 	dec a 
      0001B1 60 0D            [24]  683 	jz RS_LOAD_1_276 
      0001B3 14               [12]  684 	dec a 
      0001B4 60 0F            [24]  685 	jz RS_LOAD_2_276 
      0001B6 85 23 81         [24]  686 	mov sp, _savedSP3 
      0001B9 80 0D            [24]  687 	sjmp RS_LOAD_DONE_276 
      0001BB                        688 RS_LOAD_0_276:
      0001BB 85 20 81         [24]  689 	mov sp, _savedSP0 
      0001BE 80 08            [24]  690 	sjmp RS_LOAD_DONE_276 
      0001C0                        691 RS_LOAD_1_276:
      0001C0 85 21 81         [24]  692 	mov sp, _savedSP1 
      0001C3 80 03            [24]  693 	sjmp RS_LOAD_DONE_276 
      0001C5                        694 RS_LOAD_2_276:
      0001C5 85 22 81         [24]  695 	mov sp, _savedSP2 
      0001C8                        696 RS_LOAD_DONE_276:
      0001C8 D0 D0            [24]  697 	pop psw 
      0001CA D0 83            [24]  698 	pop dph 
      0001CC D0 82            [24]  699 	pop dpl 
      0001CE D0 F0            [24]  700 	pop b 
      0001D0 D0 E0            [24]  701 	pop acc 
                                    702 ;	preemptive.c:277: EA = 1;
                                    703 ;	assignBit
      0001D2 D2 AF            [12]  704 	setb	_EA
                                    705 ;	preemptive.c:278: }
      0001D4 22               [24]  706 	ret
                                    707 ;------------------------------------------------------------
                                    708 ;Allocation info for local variables in function 'myTimer0Handler'
                                    709 ;------------------------------------------------------------
                                    710 ;	preemptive.c:280: void myTimer0Handler(void) __naked
                                    711 ;	-----------------------------------------
                                    712 ;	 function myTimer0Handler
                                    713 ;	-----------------------------------------
      0001D5                        714 _myTimer0Handler:
                                    715 ;	naked function: no prologue.
                                    716 ;	preemptive.c:282: SAVESTATE;
      0001D5 C0 E0            [24]  717 	push acc 
      0001D7 C0 F0            [24]  718 	push b 
      0001D9 C0 82            [24]  719 	push dpl 
      0001DB C0 83            [24]  720 	push dph 
      0001DD C0 D0            [24]  721 	push psw 
      0001DF E5 24            [12]  722 	mov a, _currentThread 
      0001E1 60 0B            [24]  723 	jz SS_SAVE_0_282 
      0001E3 14               [12]  724 	dec a 
      0001E4 60 0D            [24]  725 	jz SS_SAVE_1_282 
      0001E6 14               [12]  726 	dec a 
      0001E7 60 0F            [24]  727 	jz SS_SAVE_2_282 
      0001E9 85 81 23         [24]  728 	mov _savedSP3, sp 
      0001EC 80 0D            [24]  729 	sjmp SS_SAVE_DONE_282 
      0001EE                        730 SS_SAVE_0_282:
      0001EE 85 81 20         [24]  731 	mov _savedSP0, sp 
      0001F1 80 08            [24]  732 	sjmp SS_SAVE_DONE_282 
      0001F3                        733 SS_SAVE_1_282:
      0001F3 85 81 21         [24]  734 	mov _savedSP1, sp 
      0001F6 80 03            [24]  735 	sjmp SS_SAVE_DONE_282 
      0001F8                        736 SS_SAVE_2_282:
      0001F8 85 81 22         [24]  737 	mov _savedSP2, sp 
      0001FB                        738 SS_SAVE_DONE_282:
                                    739 ;	preemptive.c:285: __endasm;
      0001FB 12r00r00         [24]  740 	lcall	_scheduler
                                    741 ;	preemptive.c:286: RESTORESTATE;
      0001FE E5 24            [12]  742 	mov a, _currentThread 
      000200 60 0B            [24]  743 	jz RS_LOAD_0_286 
      000202 14               [12]  744 	dec a 
      000203 60 0D            [24]  745 	jz RS_LOAD_1_286 
      000205 14               [12]  746 	dec a 
      000206 60 0F            [24]  747 	jz RS_LOAD_2_286 
      000208 85 23 81         [24]  748 	mov sp, _savedSP3 
      00020B 80 0D            [24]  749 	sjmp RS_LOAD_DONE_286 
      00020D                        750 RS_LOAD_0_286:
      00020D 85 20 81         [24]  751 	mov sp, _savedSP0 
      000210 80 08            [24]  752 	sjmp RS_LOAD_DONE_286 
      000212                        753 RS_LOAD_1_286:
      000212 85 21 81         [24]  754 	mov sp, _savedSP1 
      000215 80 03            [24]  755 	sjmp RS_LOAD_DONE_286 
      000217                        756 RS_LOAD_2_286:
      000217 85 22 81         [24]  757 	mov sp, _savedSP2 
      00021A                        758 RS_LOAD_DONE_286:
      00021A D0 D0            [24]  759 	pop psw 
      00021C D0 83            [24]  760 	pop dph 
      00021E D0 82            [24]  761 	pop dpl 
      000220 D0 F0            [24]  762 	pop b 
      000222 D0 E0            [24]  763 	pop acc 
                                    764 ;	preemptive.c:289: __endasm;
      000224 32               [24]  765 	reti
                                    766 ;	preemptive.c:290: }
                                    767 ;	naked function: no epilogue.
                                    768 	.area CSEG    (CODE)
                                    769 	.area CONST   (CODE)
                                    770 	.area XINIT   (CODE)
                                    771 	.area CABS    (ABS,CODE)
